// Jest Snapshot v1, https://goo.gl/fbAQLP

exports[`Home renders homepage unchanged 1`] = `
<div>
  <main
    class="flex min-h-screen flex-col items-center justify-between p-24"
  >
    <div
      class="relative flex place-items-center before:absolute before:h-[300px] before:w-[480px] before:-translate-x-1/2 before:rounded-full before:bg-gradient-radial before:from-white before:to-transparent before:blur-2xl before:content-[''] after:absolute after:-z-20 after:h-[180px] after:w-[240px] after:translate-x-1/3 after:bg-gradient-conic after:from-sky-200 after:via-blue-200 after:blur-2xl after:content-[''] before:dark:bg-gradient-to-br before:dark:from-transparent before:dark:to-blue-700 before:dark:opacity-10 after:dark:from-sky-900 after:dark:via-[#0141ff] after:dark:opacity-40 before:lg:h-[360px] z-[-1]"
    >
      <div
        class="flex items-end"
      >
        <p
          class="relative dark:drop-shadow-[0_0_0.3rem_#000] text-white text-5xl"
        >
          WEATHER
        </p>
        <p
          class="relative dark:drop-shadow-[0_0_0.3rem_#000] text-white text-xl"
        >
          FORECAST
        </p>
      </div>
    </div>
    <div />
    <div
      class="mb-32 grid text-center lg:max-w-5xl lg:w-full lg:mb-0 lg:grid-cols-4 lg:text-left"
    >
      <a
        class="group rounded-lg border border-transparent px-5 py-4 transition-colors hover:border-gray-300 hover:bg-gray-100 hover:dark:border-neutral-700 hover:dark:bg-neutral-800/30"
        href="#"
        rel="noopener noreferrer"
        target="_blank"
      >
        <h2
          class="mb-3 text-2xl font-semibold"
        >
          Astronomy
           
          <span
            class="inline-block transition-transform group-hover:translate-x-1 motion-reduce:transform-none"
          >
            -&gt;
          </span>
        </h2>
        <p
          class="m-0 max-w-[30ch] text-sm opacity-50"
        >
          Moon Phase: 
        </p>
        <p
          class="m-0 max-w-[30ch] text-sm opacity-50"
        >
          Moon illumination level: 
        </p>
        <p
          class="m-0 max-w-[30ch] text-sm opacity-50"
        >
          Moonrise: 
        </p>
        <p
          class="m-0 max-w-[30ch] text-sm opacity-50"
        >
          Moonset: 
        </p>
        <p
          class="m-0 max-w-[30ch] text-sm opacity-50"
        >
          Sunset: 
        </p>
        <p
          class="m-0 max-w-[30ch] text-sm opacity-50"
        >
          Sunrise: 
        </p>
      </a>
      <a
        class="group rounded-lg border border-transparent px-5 py-4 transition-colors hover:border-gray-300 hover:bg-gray-100 hover:dark:border-neutral-700 hover:dark:bg-neutral-800/30"
        href="https://nextjs.org/learn?utm_source=create-next-app&utm_medium=appdir-template-tw&utm_campaign=create-next-app"
        rel="noopener noreferrer"
        target="_blank"
      >
        <h2
          class="mb-3 text-2xl font-semibold"
        >
          Learn
           
          <span
            class="inline-block transition-transform group-hover:translate-x-1 motion-reduce:transform-none"
          >
            -&gt;
          </span>
        </h2>
        <p
          class="m-0 max-w-[30ch] text-sm opacity-50"
        >
          Learn about Next.js in an interactive course withÂ quizzes!
        </p>
      </a>
      <a
        class="group rounded-lg border border-transparent px-5 py-4 transition-colors hover:border-gray-300 hover:bg-gray-100 hover:dark:border-neutral-700 hover:dark:bg-neutral-800/30"
        href="https://vercel.com/templates?framework=next.js&utm_source=create-next-app&utm_medium=appdir-template&utm_campaign=create-next-app"
        rel="noopener noreferrer"
        target="_blank"
      >
        <h2
          class="mb-3 text-2xl font-semibold"
        >
          Templates
           
          <span
            class="inline-block transition-transform group-hover:translate-x-1 motion-reduce:transform-none"
          >
            -&gt;
          </span>
        </h2>
        <p
          class="m-0 max-w-[30ch] text-sm opacity-50"
        >
          Explore starter templates for Next.js.
        </p>
      </a>
      <a
        class="group rounded-lg border border-transparent px-5 py-4 transition-colors hover:border-gray-300 hover:bg-gray-100 hover:dark:border-neutral-700 hover:dark:bg-neutral-800/30"
        href="https://vercel.com/new?utm_source=create-next-app&utm_medium=appdir-template&utm_campaign=create-next-app"
        rel="noopener noreferrer"
        target="_blank"
      >
        <h2
          class="mb-3 text-2xl font-semibold"
        >
          Deploy
           
          <span
            class="inline-block transition-transform group-hover:translate-x-1 motion-reduce:transform-none"
          >
            -&gt;
          </span>
        </h2>
        <p
          class="m-0 max-w-[30ch] text-sm opacity-50"
        >
          Instantly deploy your Next.js site to a shareable URL with Vercel.
        </p>
      </a>
    </div>
    <div
      class="z-10 max-w-5xl w-full items-center justify-between font-mono text-sm lg:flex"
    >
      <div />
      <div
        class="fixed bottom-0 left-0 flex h-48 w-full items-end justify-center bg-gradient-to-t from-white via-white dark:from-black dark:via-black lg:static lg:h-auto lg:w-auto lg:bg-none"
      >
        <span>
          Powered by
        </span>
        <a
          href="https://www.weatherapi.com/"
          title="Free Weather API"
        >
          <img
            alt="Weather data by WeatherAPI.com"
            class="dark:invert"
            data-nimg="1"
            decoding="async"
            height="100"
            loading="lazy"
            src="/_next/image?url=https%3A%2F%2Fcdn.weatherapi.com%2Fv4%2Fimages%2Fweatherapi_logo.png&w=256&q=75"
            srcset="/_next/image?url=https%3A%2F%2Fcdn.weatherapi.com%2Fv4%2Fimages%2Fweatherapi_logo.png&w=128&q=75 1x, /_next/image?url=https%3A%2F%2Fcdn.weatherapi.com%2Fv4%2Fimages%2Fweatherapi_logo.png&w=256&q=75 2x"
            style="color: transparent;"
            width="100"
          />
        </a>
      </div>
    </div>
  </main>
</div>
`;
